// Jest Snapshot v1, https://goo.gl/fbAQLP

exports[`NotFound.js test that it renders correctly 1`] = `
Object {
  "asFragment": [Function],
  "baseElement": <body>
    <div>
      <div
        class="hero is-large has-background-light"
      >
        <div
          class="hero-body"
          style="padding: 50px;"
        >
          <div
            class="container columns"
          >
            <div
              class="column is-1"
            />
            <div
              class="column is-7"
            >
              <h1
                class="has-text-extra-large"
                style="font-size: 70px; margin-top: 20px;"
              >
                404
              </h1>
              <p
                class="has-text-large"
                style="font-size: 30px; margin-top: 15px;"
              >
                We are sorry about this.
              </p>
              <p
                class="is-size-5"
                style="font-size: 20px; margin-top: 15px;"
              >
                The website you are looking for is not here.
              </p>
              <p
                class="margin-top-25"
                style="margin-top: 20px;"
              >
                <a
                  class="button is-info is-medium"
                  href="http://www.worksfair.com"
                >
                  Go to worksfair
                </a>
              </p>
            </div>
            <div
              class="column is-3 has-text-extra-large"
            >
              <img
                class="work-image"
                src="http://res.cloudinary.com/worksfair/image/fetch/f_auto/https://res.cloudinary.com/worksfair/image/upload/v1564834329/dev/qvwvfuxg6040ppipkanj.png"
              />
            </div>
          </div>
        </div>
      </div>
    </div>
  </body>,
  "container": <div>
    <div
      class="hero is-large has-background-light"
    >
      <div
        class="hero-body"
        style="padding: 50px;"
      >
        <div
          class="container columns"
        >
          <div
            class="column is-1"
          />
          <div
            class="column is-7"
          >
            <h1
              class="has-text-extra-large"
              style="font-size: 70px; margin-top: 20px;"
            >
              404
            </h1>
            <p
              class="has-text-large"
              style="font-size: 30px; margin-top: 15px;"
            >
              We are sorry about this.
            </p>
            <p
              class="is-size-5"
              style="font-size: 20px; margin-top: 15px;"
            >
              The website you are looking for is not here.
            </p>
            <p
              class="margin-top-25"
              style="margin-top: 20px;"
            >
              <a
                class="button is-info is-medium"
                href="http://www.worksfair.com"
              >
                Go to worksfair
              </a>
            </p>
          </div>
          <div
            class="column is-3 has-text-extra-large"
          >
            <img
              class="work-image"
              src="http://res.cloudinary.com/worksfair/image/fetch/f_auto/https://res.cloudinary.com/worksfair/image/upload/v1564834329/dev/qvwvfuxg6040ppipkanj.png"
            />
          </div>
        </div>
      </div>
    </div>
  </div>,
  "debug": [Function],
  "findAllByAltText": [Function],
  "findAllByDisplayValue": [Function],
  "findAllByLabelText": [Function],
  "findAllByPlaceholderText": [Function],
  "findAllByRole": [Function],
  "findAllByTestId": [Function],
  "findAllByText": [Function],
  "findAllByTitle": [Function],
  "findByAltText": [Function],
  "findByDisplayValue": [Function],
  "findByLabelText": [Function],
  "findByPlaceholderText": [Function],
  "findByRole": [Function],
  "findByTestId": [Function],
  "findByText": [Function],
  "findByTitle": [Function],
  "getAllByAltText": [Function],
  "getAllByDisplayValue": [Function],
  "getAllByLabelText": [Function],
  "getAllByPlaceholderText": [Function],
  "getAllByRole": [Function],
  "getAllByTestId": [Function],
  "getAllByText": [Function],
  "getAllByTitle": [Function],
  "getByAltText": [Function],
  "getByDisplayValue": [Function],
  "getByLabelText": [Function],
  "getByPlaceholderText": [Function],
  "getByRole": [Function],
  "getByTestId": [Function],
  "getByText": [Function],
  "getByTitle": [Function],
  "queryAllByAltText": [Function],
  "queryAllByDisplayValue": [Function],
  "queryAllByLabelText": [Function],
  "queryAllByPlaceholderText": [Function],
  "queryAllByRole": [Function],
  "queryAllByTestId": [Function],
  "queryAllByText": [Function],
  "queryAllByTitle": [Function],
  "queryByAltText": [Function],
  "queryByDisplayValue": [Function],
  "queryByLabelText": [Function],
  "queryByPlaceholderText": [Function],
  "queryByRole": [Function],
  "queryByTestId": [Function],
  "queryByText": [Function],
  "queryByTitle": [Function],
  "rerender": [Function],
  "unmount": [Function],
}
`;
